<html>
<body>
<pre>
<h1>µVision Build Log</h1>
<h2>Project:</h2>
D:\210905028_aryan\lab12\motor.uvproj
Project File Date:  04/29/2023

<h2>Output:</h2>
Build target 'Target 1'
compiling ext_int.c...
linking...
Program Size: Code=1272 RO-data=312 RW-data=4 ZI-data=612  
FromELF: creating hex file...
".\motor.axf" - 0 Error(s), 0 Warning(s).
ndefined
  for( int i=0;i<10000;i++);
..\lab11\ext_int.c: 0 warnings, 2 errors
".\motor.axf" - 2 Error(s), 0 Warning(s).
Target not created
=0;i<10000;i++);
..\lab11\ext_int.c(16): error:  #20: identifier "i" is undefined
  for(int i=0;i<10000;i++);
..\lab11\ext_int.c: 2 warnings, 2 errors
".\motor.axf" - 2 Error(s), 2 Warning(s).
Target not created
compiling ext_int.c...
..\lab11\ext_int.c(15): error:  #29: expected an expression
  for( int i=0;i<10000;i++);
..\lab11\ext_int.c(15): error:  #20: identifier "i" is undefined
  for( int i=0;i<10000;i++);
..\lab11\ext_int.c: 0 warnings, 2 errors
"..\lab11\ext_int.c" - 2 Error(s), 0 Warning(s).
t.c(10): error:  #169: expected a declaration
  while(1);
..\lab11\ext_int.c(12): error:  #169: expected a declaration
  }
..\lab11\ext_int.c(18): warning: At end of source:  #12-D: parsing restarts here after previous syntax error
..\lab11\ext_int.c: 4 warnings, 6 errors
".\motor.axf" - 6 Error(s), 4 Warning(s).
Target not created
